base: 139 to collect
[transformers] PyTorch was not found. Models won't be available and only tokenizers, configuration and file/data utilities can be used.
Warning: You are sending unauthenticated requests to the HF Hub. Please set a HF_TOKEN to enable higher rate limits and faster downloads.
base 0.000 n=0 abandoned-shed-sagging-with-cobwebs-cement-bags-st
base 0.000 n=0 sunny-shed-doorway-open-wicker-baskets-and-compost
base 0.000 n=0 rainy-afternoon-workshop-tools-dripping-beside-a-p
base 0.000 n=0 night-shed-lit-by-a-single-bulb-trowel-and-dustpan
base 0.000 n=0 a-cluttered-workshop-at-night-lit-by-a-hanging-ind
base 0.000 n=0 cozy-shed-interior-warmed-by-lantern-light-garden-
base 0.000 n=0 cozy-shed-interior-warmed-by-lantern-light-garden-
base 0.000 n=0 cozy-shed-interior-warmed-by-lantern-light-garden-
base 0.000 n=0 abandoned-workshop-coated-in-dust-drill-press-sile
base 0.000 n=0 night-storage-yard-under-a-security-light-chain-li
base 0.000 n=0 night-storage-yard-under-a-security-light-chain-li
base 0.000 n=0 night-storage-yard-under-a-security-light-chain-li
base 0.000 n=0 night-storage-yard-under-a-security-light-chain-li
base 0.000 n=0 busy-shed-morning-gardener-grabbing-a-watering-can
base 0.000 n=0 busy-shed-morning-gardener-grabbing-a-watering-can
base 0.000 n=0 cozy-corner-of-a-storage-yard-turned-break-area-fo
base 0.000 n=0 abandoned-dock-creaking-softly-rusted-fish-knife-l
base 0.000 n=0 abandoned-dock-creaking-softly-rusted-fish-knife-l
base 0.000 n=0 abandoned-dock-creaking-softly-rusted-fish-knife-l
base 0.000 n=0 stormy-dock-scene-guardrail-battered-near-a-swingi
base 0.000 n=0 stormy-dock-scene-guardrail-battered-near-a-swingi
base 0.000 n=0 stormy-dock-scene-guardrail-battered-near-a-swingi
base 0.000 n=0 stormy-dock-scene-guardrail-battered-near-a-swingi
base 0.000 n=0 busy-harbor-morning-fisherman-s-hat-and-coiled-rop
base 0.000 n=0 busy-harbor-morning-fisherman-s-hat-and-coiled-rop
base 0.000 n=0 busy-harbor-morning-fisherman-s-hat-and-coiled-rop
base 0.000 n=0 foggy-pier-morning-an-ocean-buoy-and-old-crate-sta
base 0.000 n=0 foggy-pier-morning-an-ocean-buoy-and-old-crate-sta
base 0.000 n=0 foggy-pier-morning-an-ocean-buoy-and-old-crate-sta
base 0.489 n=53 festive-workshop-decorated-for-a-holiday-lanterns-
base 0.000 n=0 cozy-dockside-bench-with-a-thermos-and-lifebuoy-ha
base 0.000 n=0 cozy-dockside-bench-with-a-thermos-and-lifebuoy-ha
base 0.000 n=0 cozy-dockside-bench-with-a-thermos-and-lifebuoy-ha
base 0.000 n=0 cozy-dockside-bench-with-a-thermos-and-lifebuoy-ha
base 0.461 n=66 festive-workshop-decorated-for-a-holiday-lanterns-
base 0.000 n=0 busy-market-alley-crowded-with-crates-baskets-and-
base 0.531 n=82 festive-workshop-decorated-for-a-holiday-lanterns-
base 0.441 n=62 festive-workshop-decorated-for-a-holiday-lanterns-
base 0.000 n=0 busy-storage-yard-workers-moving-barrels-with-a-ha
base 0.000 n=0 foggy-alley-corner-a-street-rat-scurrying-past-sta
